../Core/Src/main.c:72:6:Display_ShowZero	8	static
../Core/Src/main.c:83:6:Display_ShowOne	8	static
../Core/Src/main.c:94:6:Display_ShowTwo	8	static
../Core/Src/main.c:105:6:Display_ShowThree	8	static
../Core/Src/main.c:116:6:Display_ShowFour	8	static
../Core/Src/main.c:134:5:main	24	static
../Core/Src/main.c:285:6:SystemClock_Config	88	static
../Core/Src/main.c:333:13:MX_I2C1_Init	8	static
../Core/Src/main.c:367:13:MX_SPI1_Init	8	static
../Core/Src/main.c:405:13:MX_GPIO_Init	48	static
../Core/Src/main.c:518:6:Error_Handler	4	static,ignoring_inline_asm
